# Successful Quality Gate Run: NAS-577

Complete log of a successful quality gate cycle with agent reviews, Devin integration, remediation, and merge.

## Initial State

```bash
$ git status
On branch feature/nas-577-project-structure
Your branch is up to date with 'origin/feature/nas-577-project-structure'.

nothing to commit, working tree clean

$ git log --oneline -3
a1b2c3d Complete project structure setup
d4e5f6g Add TypeScript configuration
g7h8i9j Initialize package.json with dependencies
```

## Step 1: Invoke Quality Gate

```bash
$ /quality-gate NAS-577
```

## Step 2: Validate Prerequisites

```
âœ“ On feature branch: feature/nas-577-project-structure
âœ“ All changes committed
âœ“ Branch pushed to origin
âœ“ Linear issue NAS-577 valid (status: In Progress)
âœ“ Issue has project: Shelley 2.0
âœ“ Issue has milestone: Phase 1

Prerequisites passed. Proceeding with quality gate...
```

## Step 3: Create PR

```bash
$ gh pr create \
  --title "Set up project structure and dependencies" \
  --body "Fixes https://linear.app/nashburch/issue/NAS-577

- Initialize package.json with discord.js
- Configure TypeScript
- Create directory structure
- Add .env.example

## Testing
- bun install runs successfully
- TypeScript compiles without errors
- Directory structure verified

## Review Focus
- package.json dependencies
- TypeScript configuration
- Directory structure conventions"

Creating pull request for feature/nas-577-project-structure into master in drewburchfield/shelley_bot

https://github.com/drewburchfield/shelley_bot/pull/1
```

âœ“ PR #1 created: https://github.com/drewburchfield/shelley_bot/pull/1

## Step 4: First Agent Review Pass

```
Running comprehensive PR review...

/review-pr 1
```

### Agent Results

```
ðŸ“Š PR Review Results for #1

ðŸŸ¡ MEDIUM (2 findings)
  1. [code-reviewer] TypeScript strict mode disabled
     File: tsconfig.json:5
     Issue: "strict": false allows more type errors
     Suggestion: Enable strict mode for better type safety

  2. [comment-analyzer] package.json missing description
     File: package.json:3
     Issue: No "description" field
     Suggestion: Add project description

ðŸ”µ INFO (1 finding)
  3. [code-simplifier] Could use "type": "module" in package.json
     File: package.json
     Suggestion: Explicit module type for better tooling

âœ… Quality Gate Status: PASSING
   No CRITICAL or HIGH findings. MEDIUM findings can be addressed now or deferred.
```

## Step 5: First Remediation Pass

Addressing MEDIUM findings:

### Finding 1: Enable TypeScript strict mode

```bash
$ vim tsconfig.json
# Change "strict": false to "strict": true

$ git add tsconfig.json
$ git commit -m "Enable TypeScript strict mode for better type safety

Addresses finding from code-reviewer: strict mode catches more type errors
at compile time."
```

### Finding 2: Add package.json description

```bash
$ vim package.json
# Add "description": "Discord-based AI assistant with queue architecture"

$ git add package.json
$ git commit -m "Add package.json description field

Addresses finding from comment-analyzer."
```

### Finding 3: (Deferred - INFO level)

```
INFO finding deferred: "type": "module" not needed for Bun runtime.
Bun handles module resolution automatically.
```

Push remediation commits:

```bash
$ git push
Enumerating objects: 7, done.
Counting objects: 100% (7/7), done.
Delta compression using up to 8 threads
Compressing objects: 100% (4/4), done.
Writing objects: 100% (4/4), 512 bytes | 512.00 KiB/s, done.
Total 4 (delta 2), reused 0 (delta 0), pack-reused 0
To github.com:drewburchfield/shelley_bot.git
   a1b2c3d..e3f4g5h  feature/nas-577-project-structure -> feature/nas-577-project-structure
```

## Step 6: Wait for Devin.ai

```
â³ Waiting 60 seconds for Devin.ai to analyze PR...
[60-second pause]
âœ“ Wait complete
```

## Step 7: Collect All Feedback

Fetching PR comments:

```bash
$ gh pr view 1 --comments --json comments
```

### Devin.ai Comments

```
ðŸ’¡ Devin.ai:
Great structure! A few observations:

1. âœ“ Directory structure follows conventions
2. âœ“ TypeScript config is solid (especially with strict mode now)
3. Suggestion: Consider adding "engines" field to package.json to specify
   minimum Bun version
4. Suggestion: .env.example could include comments explaining each variable

Overall: Good foundation. Suggestions are optional enhancements.
```

### Consolidated Feedback

```
All feedback collected:
- Agent findings: 2 MEDIUM resolved, 1 INFO deferred
- Devin findings: 2 suggestions (optional)
- Manual comments: 0
```

## Step 8: Second Remediation Pass

Addressing Devin suggestions:

### Devin Suggestion 1: Add engines field

```bash
$ vim package.json
# Add "engines": { "bun": ">=1.0.0" }

$ git add package.json
$ git commit -m "Add engines field to specify minimum Bun version

Addresses Devin.ai suggestion: helps users know runtime requirements."
```

### Devin Suggestion 2: Add comments to .env.example

```bash
$ vim .env.example
# Add descriptive comments for each variable

$ git add .env.example
$ git commit -m "Add comments to .env.example explaining each variable

Addresses Devin.ai suggestion: improves developer onboarding."
```

Push second remediation:

```bash
$ git push
Enumerating objects: 5, done.
Counting objects: 100% (5/5), done.
Delta compression using up to 8 threads
Compressing objects: 100% (3/3), done.
Writing objects: 100% (3/3), 445 bytes | 445.00 KiB/s, done.
Total 3 (delta 1), reused 0 (delta 0), pack-reused 0
To github.com:drewburchfield/shelley_bot.git
   e3f4g5h..h6i7j8k  feature/nas-577-project-structure -> feature/nas-577-project-structure
```

## Step 9: Final Review

Performing final validation:

```
âœ“ Code Quality: All findings resolved
âœ“ Testing: Structure validates successfully
âœ“ Documentation: README updated, .env.example documented
âœ“ Git Hygiene: Clean commit history, no conflicts
âœ“ Linear: Issue matches implementation

Final validation: PASSED
```

## Step 10: Merge Decision

```
âœ… Quality gate passed!

All findings addressed:
- Agent reviews: 2 MEDIUM resolved, 1 INFO deferred (justified)
- Devin findings: 2 suggestions implemented
- Tests: N/A (infrastructure setup)
- Conflicts: None

Options:
1. Merge now (squash and merge)
2. Merge with rebase
3. Request manual review first
4. Exit (I'll merge manually)

Choice?
```

**User response**: 1

## Step 11: Merge and Update Linear

```bash
$ gh pr merge 1 --squash --delete-branch
âœ“ Merged pull request #1 (Set up project structure and dependencies)
âœ“ Deleted branch feature/nas-577-project-structure
```

Update Linear:

```bash
$ linear issue update NAS-577 --status "Done"
âœ“ Issue NAS-577 marked as Done

$ linear issue comment NAS-577 "Merged in PR #1: https://github.com/drewburchfield/shelley_bot/pull/1"
âœ“ Comment added
```

Clean up local:

```bash
$ git checkout master
Switched to branch 'master'

$ git pull
Updating a1b2c3d..h6i7j8k
Fast-forward
 package.json      | 5 ++++-
 tsconfig.json     | 2 +-
 .env.example      | 8 +++++++-
 .shelley/...      | (new directories)
 4 files changed, 12 insertions(+), 3 deletions(-)

$ git branch -d feature/nas-577-project-structure
Deleted branch feature/nas-577-project-structure (was h6i7j8k).
```

## Final Status

```
âœ… Quality gate complete!

Summary:
- PR #1: Merged and deleted
- Branch: Cleaned up
- Linear NAS-577: Marked as Done
- Local: On master with latest changes

Total findings addressed:
- Agent findings: 3 (2 resolved, 1 deferred)
- Devin findings: 2 (2 implemented)
- Duration: ~8 minutes (including 60s Devin wait)

Ready for next issue: NAS-578
```

## Timeline

```
00:00 - Invoke /quality-gate NAS-577
00:01 - Validate prerequisites
00:02 - Create PR #1
00:03 - Run agent review (pr-review-toolkit)
00:04 - Present findings
00:05 - First remediation (2 commits)
00:06 - Push remediation
00:07 - Wait for Devin (60 seconds)
02:07 - Fetch all comments
02:08 - Second remediation (2 commits)
02:09 - Push remediation
02:10 - Final review
02:11 - User confirms merge
02:12 - Merge PR, update Linear, clean up
02:13 - Complete âœ“
```

## Lessons

**What went well**:
- Agent review caught TypeScript config issue early
- Devin suggestions improved developer experience
- Two-pass remediation ensured quality
- Clean merge with no conflicts

**What could improve**:
- Could have enabled strict mode from start
- .env.example comments should be default

**Takeaways**:
- Quality gate catches real issues (strict mode)
- Devin provides valuable UX perspective
- Two-pass review ensures thoroughness
- Total time investment (13 min) worth the quality gain
